Archive member included to satisfy reference by file (symbol)

lib/libSENSIT_SDK_V2.0.0.a(addon_sigfox_verified_api.o)
                              obj/AT_functions.o (ADDON_SIGFOX_VERIFIED_API_get_version)
lib/libSENSIT_SDK_V2.0.0.a(mcu_api.o)
                              lib/libSENSIT_SDK_V2.0.0.a(addon_sigfox_verified_api.o) (MCU_API_timer_start)
lib/libSENSIT_SDK_V2.0.0.a(nvmem_api.o)
                              lib/libSENSIT_SDK_V2.0.0.a(mcu_api.o) (NVMEM_API_get_device_id)
lib/libSENSIT_SDK_V2.0.0.a(radio.o)
                              lib/libSENSIT_SDK_V2.0.0.a(mcu_api.o) (RADIO_is_600bps)
lib/libSENSIT_SDK_V2.0.0.a(rtc.o)
                              lib/libSENSIT_SDK_V2.0.0.a(mcu_api.o) (RTC_set_rx_timer)
lib/libSENSIT_SDK_V2.0.0.a(sensit_api.o)
                              obj/AT_functions.o (SENSIT_API_get_sdk_version)
lib/libSENSIT_SDK_V2.0.0.a(sigfox_api.o)
                              obj/radio_api.o (SIGFOX_API_open)
lib/libSENSIT_SDK_V2.0.0.a(sigfox_internal.o)
                              lib/libSENSIT_SDK_V2.0.0.a(sigfox_api.o) (SIGFOX_INT_get_max_micro_channel)
lib/libSENSIT_SDK_V2.0.0.a(sigfox_pn.o)
                              lib/libSENSIT_SDK_V2.0.0.a(sigfox_internal.o) (SIGFOX_PN_next_pn)
lib/libSENSIT_SDK_V2.0.0.a(sigfox_scramb.o)
                              lib/libSENSIT_SDK_V2.0.0.a(sigfox_internal.o) (SIGFOX_SCRAMB_compute)
lib/libSENSIT_SDK_V2.0.0.a(sleep.o)
                              lib/libSENSIT_SDK_V2.0.0.a(rtc.o) (SLEEP_handler)
lib/libSENSIT_SDK_V2.0.0.a(spi.o)
                              lib/libSENSIT_SDK_V2.0.0.a(sensit_api.o) (SPI_init)
lib/libSENSIT_SDK_V2.0.0.a(startup_stm32f042x6.o)
                              (Reset_Handler)
lib/libSENSIT_SDK_V2.0.0.a(system_stm32f0xx.o)
                              lib/libSENSIT_SDK_V2.0.0.a(startup_stm32f042x6.o) (SystemInit)
lib/libSENSIT_SDK_V2.0.0.a(systick.o)
                              lib/libSENSIT_SDK_V2.0.0.a(mcu_api.o) (SYSTICK_wait_ms)
lib/libSENSIT_SDK_V2.0.0.a(uart.o)
                              lib/libSENSIT_SDK_V2.0.0.a(sensit_api.o) (UART_open)
lib/libSENSIT_SDK_V2.0.0.a(usb_device.o)
                              lib/libSENSIT_SDK_V2.0.0.a(sensit_api.o) (usbDeviceInit)
lib/libSENSIT_SDK_V2.0.0.a(usbd_cdc.o)
                              lib/libSENSIT_SDK_V2.0.0.a(usb_device.o) (usbCDCRegister)
lib/libSENSIT_SDK_V2.0.0.a(usbd_cdc_if.o)
                              lib/libSENSIT_SDK_V2.0.0.a(usbd_cdc.o) (cdcIFInit_FS)
lib/libSENSIT_SDK_V2.0.0.a(usbd_conf.o)
                              lib/libSENSIT_SDK_V2.0.0.a(usbd_cdc.o) (USBD_LL_OpenEP)
lib/libSENSIT_SDK_V2.0.0.a(usbd_core.o)
                              lib/libSENSIT_SDK_V2.0.0.a(usb_device.o) (USBD_Init)
lib/libSENSIT_SDK_V2.0.0.a(usbd_ctlreq.o)
                              lib/libSENSIT_SDK_V2.0.0.a(usb_device.o) (USBD_GetDeviceConfiguredState)
lib/libSENSIT_SDK_V2.0.0.a(usbd_ioreq.o)
                              lib/libSENSIT_SDK_V2.0.0.a(usbd_cdc.o) (USBD_CtlSendData)
lib/libSENSIT_SDK_V2.0.0.a(watchdog.o)
                              lib/libSENSIT_SDK_V2.0.0.a(sensit_api.o) (WATCHDOG_init)
lib/libSENSIT_SDK_V2.0.0.a(adc.o)
                              lib/libSENSIT_SDK_V2.0.0.a(sensit_api.o) (ADC_init)
lib/libSENSIT_SDK_V2.0.0.a(aes.o)
                              lib/libSENSIT_SDK_V2.0.0.a(nvmem_api.o) (AESEncode)
lib/libSENSIT_SDK_V2.0.0.a(calib.o)
                              lib/libSENSIT_SDK_V2.0.0.a(rtc.o) (calibRTCclkIsCalibrated)
lib/libSENSIT_SDK_V2.0.0.a(cc1125.o)
                              lib/libSENSIT_SDK_V2.0.0.a(radio.o) (CC1125_write_reg)
lib/libSENSIT_SDK_V2.0.0.a(crc.o)
                              lib/libSENSIT_SDK_V2.0.0.a(nvmem_api.o) (CRC_compute)
lib/libSENSIT_SDK_V2.0.0.a(flash.o)
                              lib/libSENSIT_SDK_V2.0.0.a(nvmem_api.o) (FLASH_unlock)
lib/libSENSIT_SDK_V2.0.0.a(gpio.o)
                              lib/libSENSIT_SDK_V2.0.0.a(sensit_api.o) (GPIO_init)
lib/libSENSIT_SDK_V2.0.0.a(i2c.o)
                              lib/libSENSIT_SDK_V2.0.0.a(sensit_api.o) (I2C_init)
lib/libSENSIT_SDK_V2.0.0.a(led.o)
                              lib/libSENSIT_SDK_V2.0.0.a(sensit_api.o) (LED_set_toggle_color)
lib/libSENSIT_SDK_V2.0.0.a(my_string.o)
                              lib/libSENSIT_SDK_V2.0.0.a(nvmem_api.o) (my_memcpy)
lib/libSENSIT_SDK_V2.0.0.a(reed_switch.o)
                              lib/libSENSIT_SDK_V2.0.0.a(sensit_api.o) (REED_SWITCH_enable)
lib/libSENSIT_SDK_V2.0.0.a(rf_api.o)
                              lib/libSENSIT_SDK_V2.0.0.a(sigfox_api.o) (RF_API_init)
lib/libSENSIT_SDK_V2.0.0.a(sigfox_crc.o)
                              lib/libSENSIT_SDK_V2.0.0.a(sigfox_internal.o) (SIGFOX_CRC_crc16)
lib/libSENSIT_SDK_V2.0.0.a(sigfox_decode.o)
                              lib/libSENSIT_SDK_V2.0.0.a(sigfox_internal.o) (SIGFOX_DECODE_decode_frame)
lib/libSENSIT_SDK_V2.0.0.a(sigfox_hmac.o)
[...]
Memory Configuration

Name             Origin             Length             Attributes
RAM              0x0000000020000000 0x0000000000001800 xrw
ROM              0x0000000008000000 0x0000000000007400 xr
*default*        0x0000000000000000 0xffffffffffffffff

Linker script and memory map

LOAD obj/error.o
LOAD obj/button.o
LOAD obj/battery.o
LOAD obj/callback.o
LOAD obj/serial.o
LOAD obj/radio_api.o
LOAD obj/etsi.o
LOAD obj/fcc.o
LOAD obj/hts221.o
LOAD obj/ltr329.o
LOAD obj/fxos8700.o
LOAD obj/AT_parser.o
LOAD obj/AT_functions.o
LOAD obj/discovery.o
LOAD obj/main.o
LOAD lib/libSENSIT_SDK_V2.0.0.a
                0x0000000020001800                _estack = 0x20001800
                0x0000000000000000                _Min_Heap_Size = 0x0
                0x0000000000000400                _Min_Stack_Size = 0x400

.isr_vector     0x0000000008000000       0xc0
                0x0000000008000000                . = ALIGN (0x4)
 *(.isr_vector)
 .isr_vector    0x0000000008000000       0xc0 lib/libSENSIT_SDK_V2.0.0.a(startup_stm32f042x6.o)
                0x0000000008000000                g_pfnVectors
                0x00000000080000c0                . = ALIGN (0x4)

.text           0x00000000080000c0     0x30a4
                0x00000000080000c0                . = ALIGN (0x4)
 *(.text)
 .text          0x00000000080000c0       0x14 /Users/lubrun/sigfox/gcc-arm-none-eabi-8-2018-q4-major/bin/../lib/gcc/arm-none-eabi/8.2.1/thumb/v6-m/nofp/libgcc.a(_thumb1_case_uqi.o)
                0x00000000080000c0                __gnu_thumb1_case_uqi
 .text          0x00000000080000d4       0x14 /Users/lubrun/sigfox/gcc-arm-none-eabi-8-2018-q4-major/bin/../lib/gcc/arm-none-eabi/8.2.1/thumb/v6-m/nofp/libgcc.a(_thumb1_case_uhi.o)
                0x00000000080000d4                __gnu_thumb1_case_uhi
 .text          0x00000000080000e8      0x114 /Users/lubrun/sigfox/gcc-arm-none-eabi-8-2018-q4-major/bin/../lib/gcc/arm-none-eabi/8.2.1/thumb/v6-m/nofp/libgcc.a(_udivsi3.o)
                0x00000000080000e8                __udivsi3
                0x00000000080000e8                __aeabi_uidiv
                0x00000000080001f4                __aeabi_uidivmod
 .text          0x00000000080001fc      0x1d4 /Users/lubrun/sigfox/gcc-arm-none-eabi-8-2018-q4-major/bin/../lib/gcc/arm-none-eabi/8.2.1/thumb/v6-m/nofp/libgcc.a(_divsi3.o)
                0x00000000080001fc                __aeabi_idiv
                0x00000000080001fc                __divsi3
                0x00000000080003c8                __aeabi_idivmod
 .text          0x00000000080003d0        0x4 /Users/lubrun/sigfox/gcc-arm-none-eabi-8-2018-q4-major/bin/../lib/gcc/arm-none-eabi/8.2.1/thumb/v6-m/nofp/libgcc.a(_dvmd_tls.o)
                0x00000000080003d0                __aeabi_ldiv0
                0x00000000080003d0                __aeabi_idiv0
 *(.text*)
 .text.ERROR_loop
                0x00000000080003d4       0x42 obj/error.o
 .text.ERROR_parser
                0x0000000008000416       0xc8 obj/error.o
                0x0000000008000416                ERROR_parser
 .text.BUTTON_handler
                0x00000000080004de       0x5e obj/button.o
                0x00000000080004de                BUTTON_handler
 .text.BATTERY_handler
                0x000000000800053c       0x90 obj/battery.o
                0x000000000800053c                BATTERY_handler
 .text.RADIO_API_init
                0x00000000080005cc       0x4c obj/radio_api.o
                0x00000000080005cc                RADIO_API_init
 .text.HTS221_init
                0x0000000008000618       0xbc obj/hts221.o
                0x0000000008000618                HTS221_init
 .text.LTR329_init
                0x00000000080006d4       0x50 obj/ltr329.o
                0x00000000080006d4                LTR329_init
 .text.FXOS8700_reset
                0x0000000008000724       0x28 obj/fxos8700.o
                0x0000000008000724                FXOS8700_reset
 .text.FXOS8700_init
                0x000000000800074c       0x2e obj/fxos8700.o
                0x000000000800074c                FXOS8700_init
 *fill*         0x000000000800077a        0x2 
 .text.startup.main
                0x000000000800077c       0x9c obj/main.o
                0x000000000800077c                main
 .text.MCU_API_malloc
                0x0000000008000818       0x14 lib/libSENSIT_SDK_V2.0.0.a(mcu_api.o)
                0x0000000008000818                MCU_API_malloc
 .text.MCU_API_free
                0x000000000800082c        0x4 lib/libSENSIT_SDK_V2.0.0.a(mcu_api.o)
                0x000000000800082c                MCU_API_free
 .text.MCU_API_get_nv_mem
                0x0000000008000830        0xe lib/libSENSIT_SDK_V2.0.0.a(mcu_api.o)
                0x0000000008000830                MCU_API_get_nv_mem
 *fill*         0x000000000800083e        0x2 
 .text.TIM16_IRQHandler
                0x0000000008000840       0x24 lib/libSENSIT_SDK_V2.0.0.a(mcu_api.o)
                0x0000000008000840                TIM16_IRQHandler
 .text.MCU_API_get_device_id
                0x0000000008000864       0x12 lib/libSENSIT_SDK_V2.0.0.a(mcu_api.o)
                0x0000000008000864                MCU_API_get_device_id
 *fill*         0x0000000008000876        0x2 
 .text.NVMEM_API_get_device_id
                0x0000000008000878       0x2c lib/libSENSIT_SDK_V2.0.0.a(nvmem_api.o)
                0x0000000008000878                NVMEM_API_get_device_id
 .text.NVMEM_API_get_radio_configuration
                0x00000000080008a4       0x14 lib/libSENSIT_SDK_V2.0.0.a(nvmem_api.o)
                0x00000000080008a4                NVMEM_API_get_radio_configuration
 .text.NVMEM_API_init_page_index
                0x00000000080008b8       0xb4 lib/libSENSIT_SDK_V2.0.0.a(nvmem_api.o)
                0x00000000080008b8                NVMEM_API_init_page_index
 .text.NVMEM_API_init
                0x000000000800096c       0xa0 lib/libSENSIT_SDK_V2.0.0.a(nvmem_api.o)
                0x000000000800096c                NVMEM_API_init
 .text.NVMEM_API_get_data
                0x0000000008000a0c       0x58 lib/libSENSIT_SDK_V2.0.0.a(nvmem_api.o)
                0x0000000008000a0c                NVMEM_API_get_data
 .text.RADIO_init
                0x0000000008000a64       0x1c lib/libSENSIT_SDK_V2.0.0.a(radio.o)
                0x0000000008000a64                RADIO_init
 .text.RTC_init
                0x0000000008000a80       0x2c lib/libSENSIT_SDK_V2.0.0.a(rtc.o)
                0x0000000008000a80                RTC_init
 .text.RTC_get_current_time
                0x0000000008000aac        0xc lib/libSENSIT_SDK_V2.0.0.a(rtc.o)
                0x0000000008000aac                RTC_get_current_time
 .text.RTC_set_alarm_timer
                0x0000000008000ab8       0x14 lib/libSENSIT_SDK_V2.0.0.a(rtc.o)
                0x0000000008000ab8                RTC_set_alarm_timer
 .text.RTC_IRQHandler
                0x0000000008000acc       0x68 lib/libSENSIT_SDK_V2.0.0.a(rtc.o)
                0x0000000008000acc                RTC_IRQHandler
 .text._init    0x0000000008000b34       0x1c lib/libSENSIT_SDK_V2.0.0.a(sensit_api.o)
                0x0000000008000b34                _init
 .text.SENSIT_API_configure_radio
                0x0000000008000b50       0x2a lib/libSENSIT_SDK_V2.0.0.a(sensit_api.o)
                0x0000000008000b50                SENSIT_API_configure_radio
 *fill*         0x0000000008000b7a        0x2 
 .text.SENSIT_API_reset
                0x0000000008000b7c       0x60 lib/libSENSIT_SDK_V2.0.0.a(sensit_api.o)
                0x0000000008000b7c                SENSIT_API_reset
 .text.SENSIT_API_sleep
                0x0000000008000bdc        0xa lib/libSENSIT_SDK_V2.0.0.a(sensit_api.o)
                0x0000000008000bdc                SENSIT_API_sleep
 .text.SENSIT_API_set_rtc_alarm
                0x0000000008000be6        0xa lib/libSENSIT_SDK_V2.0.0.a(sensit_api.o)
                0x0000000008000be6                SENSIT_API_set_rtc_alarm
 .text.SENSIT_API_configure_button
                0x0000000008000bf0       0x50 lib/libSENSIT_SDK_V2.0.0.a(sensit_api.o)
                0x0000000008000bf0                SENSIT_API_configure_button
 .text.SENSIT_API_get_button_state
                0x0000000008000c40       0x14 lib/libSENSIT_SDK_V2.0.0.a(sensit_api.o)
                0x0000000008000c40                SENSIT_API_get_button_state
 .text.SENSIT_API_set_rgb_led
                0x0000000008000c54       0x30 lib/libSENSIT_SDK_V2.0.0.a(sensit_api.o)
                0x0000000008000c54                SENSIT_API_set_rgb_led
 .text.SENSIT_API_set_white_led
                0x0000000008000c84       0x18 lib/libSENSIT_SDK_V2.0.0.a(sensit_api.o)
                0x0000000008000c84                SENSIT_API_set_white_led
 .text.SENSIT_API_get_battery_level
                0x0000000008000c9c        0xe lib/libSENSIT_SDK_V2.0.0.a(sensit_api.o)
                0x0000000008000c9c                SENSIT_API_get_battery_level
 .text.SENSIT_API_get_current_time
                0x0000000008000caa        0xe lib/libSENSIT_SDK_V2.0.0.a(sensit_api.o)
                0x0000000008000caa                SENSIT_API_get_current_time
 .text.SENSIT_API_wait
                0x0000000008000cb8        0xa lib/libSENSIT_SDK_V2.0.0.a(sensit_api.o)
                0x0000000008000cb8                SENSIT_API_wait
 .text.SENSIT_API_write_read_i2c_bus
                0x0000000008000cc2       0x20 lib/libSENSIT_SDK_V2.0.0.a(sensit_api.o)
                0x0000000008000cc2                SENSIT_API_write_read_i2c_bus
 *fill*         0x0000000008000ce2        0x2 
 .text.SENSIT_API_reset_device_sequence_number
                0x0000000008000ce4       0x20 lib/libSENSIT_SDK_V2.0.0.a(sensit_api.o)
                0x0000000008000ce4                SENSIT_API_reset_device_sequence_number
 .text.SIGFOX_API_open
                0x0000000008000d04      0x1b4 lib/libSENSIT_SDK_V2.0.0.a(sigfox_api.o)
                0x0000000008000d04                SIGFOX_API_open
 .text.SIGFOX_API_set_std_config
                0x0000000008000eb8       0x90 lib/libSENSIT_SDK_V2.0.0.a(sigfox_api.o)
                0x0000000008000eb8                SIGFOX_API_set_std_config
 .text.SIGFOX_INT_get_max_micro_channel
                0x0000000008000f48       0x30 lib/libSENSIT_SDK_V2.0.0.a(sigfox_internal.o)
                0x0000000008000f48                SIGFOX_INT_get_max_micro_channel
 .text.RETURN_CODE
                0x0000000008000f78        0x8 lib/libSENSIT_SDK_V2.0.0.a(sigfox_internal.o)
                0x0000000008000f78                RETURN_CODE
 .text.SIGFOX_INT_get_device_id
                0x0000000008000f80       0x18 lib/libSENSIT_SDK_V2.0.0.a(sigfox_internal.o)
                0x0000000008000f80                SIGFOX_INT_get_device_id
 .text.SLEEP_handler
                0x0000000008000f98       0x88 lib/libSENSIT_SDK_V2.0.0.a(sleep.o)
                0x0000000008000f98                SLEEP_handler
 .text.SPI_init
                0x0000000008001020       0x30 lib/libSENSIT_SDK_V2.0.0.a(spi.o)
                0x0000000008001020                SPI_init
 .text.SPI_disable
                0x0000000008001050       0x34 lib/libSENSIT_SDK_V2.0.0.a(spi.o)
                0x0000000008001050                SPI_disable
 .text.SPI_enable
                0x0000000008001084       0x30 lib/libSENSIT_SDK_V2.0.0.a(spi.o)
                0x0000000008001084                SPI_enable
 .text.SPI_write_read
                0x00000000080010b4       0x2c lib/libSENSIT_SDK_V2.0.0.a(spi.o)
                0x00000000080010b4                SPI_write_read
 .text.Reset_Handler
                0x00000000080010e0       0x80 lib/libSENSIT_SDK_V2.0.0.a(startup_stm32f042x6.o)
                0x00000000080010e0                Reset_Handler
 .text.Default_Handler
                0x0000000008001160        0x2 lib/libSENSIT_SDK_V2.0.0.a(startup_stm32f042x6.o)
                0x0000000008001160                TIM1_BRK_UP_TRG_COM_IRQHandler
                0x0000000008001160                TSC_IRQHandler
                0x0000000008001160                SysTick_Handler
                0x0000000008001160                PendSV_Handler
                0x0000000008001160                I2C1_IRQHandler
                0x0000000008001160                RCC_CRS_IRQHandler
                0x0000000008001160                SPI1_IRQHandler
                0x0000000008001160                EXTI2_3_IRQHandler
                0x0000000008001160                ADC1_IRQHandler
                0x0000000008001160                TIM17_IRQHandler
                0x0000000008001160                CEC_CAN_IRQHandler
                0x0000000008001160                PVD_VDDIO2_IRQHandler
                0x0000000008001160                TIM3_IRQHandler
                0x0000000008001160                DMA1_Channel1_IRQHandler
                0x0000000008001160                Default_Handler
                0x0000000008001160                TIM14_IRQHandler
                0x0000000008001160                DMA1_Channel4_5_IRQHandler
                0x0000000008001160                EXTI0_1_IRQHandler
                0x0000000008001160                SPI2_IRQHandler
                0x0000000008001160                SVC_Handler
                0x0000000008001160                DMA1_Channel2_3_IRQHandler
                0x0000000008001160                USART2_IRQHandler
                0x0000000008001160                FLASH_IRQHandler
                0x0000000008001160                TIM1_CC_IRQHandler
 *fill*         0x0000000008001162        0x2 
 .text.SystemInit
                0x0000000008001164      0x178 lib/libSENSIT_SDK_V2.0.0.a(system_stm32f0xx.o)
                0x0000000008001164                SystemInit
 .text.SYSTICK_wait_ms
                0x00000000080012dc       0x84 lib/libSENSIT_SDK_V2.0.0.a(systick.o)
                0x00000000080012dc                SYSTICK_wait_ms
 .text.SYSTICK_wait_tick
                0x0000000008001360       0x38 lib/libSENSIT_SDK_V2.0.0.a(systick.o)
                0x0000000008001360                SYSTICK_wait_tick
 .text.USART1_IRQHandler
                0x0000000008001398       0x68 lib/libSENSIT_SDK_V2.0.0.a(uart.o)
                0x0000000008001398                USART1_IRQHandler
 .text.HAL_PCD_SetupStageCallback
                0x0000000008001400       0x14 lib/libSENSIT_SDK_V2.0.0.a(usbd_conf.o)
                0x0000000008001400                HAL_PCD_SetupStageCallback
 .text.HAL_PCD_DataOutStageCallback
                0x0000000008001414       0x18 lib/libSENSIT_SDK_V2.0.0.a(usbd_conf.o)
                0x0000000008001414                HAL_PCD_DataOutStageCallback
 .text.HAL_PCD_DataInStageCallback
                0x000000000800142c       0x16 lib/libSENSIT_SDK_V2.0.0.a(usbd_conf.o)
                0x000000000800142c                HAL_PCD_DataInStageCallback
 .text.HAL_PCD_SOFCallback
                0x0000000008001442        0xe lib/libSENSIT_SDK_V2.0.0.a(usbd_conf.o)
                0x0000000008001442                HAL_PCD_SOFCallback
 .text.HAL_PCD_ResetCallback
                0x0000000008001450       0x18 lib/libSENSIT_SDK_V2.0.0.a(usbd_conf.o)
                0x0000000008001450                HAL_PCD_ResetCallback
 .text.HAL_PCD_SuspendCallback
                0x0000000008001468        0xe lib/libSENSIT_SDK_V2.0.0.a(usbd_conf.o)
                0x0000000008001468                HAL_PCD_SuspendCallback
 .text.HAL_PCD_ResumeCallback
                0x0000000008001476        0xe lib/libSENSIT_SDK_V2.0.0.a(usbd_conf.o)
                0x0000000008001476                HAL_PCD_ResumeCallback
 .text.USBD_LL_OpenEP
                0x0000000008001484       0x16 lib/libSENSIT_SDK_V2.0.0.a(usbd_conf.o)
                0x0000000008001484                USBD_LL_OpenEP
 .text.USBD_LL_StallEP
                0x000000000800149a       0x10 lib/libSENSIT_SDK_V2.0.0.a(usbd_conf.o)
                0x000000000800149a                USBD_LL_StallEP
 .text.USBD_LL_ClearStallEP
                0x00000000080014aa       0x10 lib/libSENSIT_SDK_V2.0.0.a(usbd_conf.o)
                0x00000000080014aa                USBD_LL_ClearStallEP
 .text.USBD_LL_IsStallEP
                0x00000000080014ba       0x26 lib/libSENSIT_SDK_V2.0.0.a(usbd_conf.o)
                0x00000000080014ba                USBD_LL_IsStallEP
 .text.USBD_LL_SetUSBAddress
                0x00000000080014e0       0x10 lib/libSENSIT_SDK_V2.0.0.a(usbd_conf.o)
                0x00000000080014e0                USBD_LL_SetUSBAddress
 .text.USBD_LL_Transmit
                0x00000000080014f0       0x10 lib/libSENSIT_SDK_V2.0.0.a(usbd_conf.o)
                0x00000000080014f0                USBD_LL_Transmit
 .text.USBD_LL_PrepareReceive
                0x0000000008001500       0x10 lib/libSENSIT_SDK_V2.0.0.a(usbd_conf.o)
                0x0000000008001500                USBD_LL_PrepareReceive
 .text.USB_IRQHandler
                0x0000000008001510       0x10 lib/libSENSIT_SDK_V2.0.0.a(usbd_conf.o)
                0x0000000008001510                USB_IRQHandler
 .text.USBD_SetClassConfig
                0x0000000008001520       0x1a lib/libSENSIT_SDK_V2.0.0.a(usbd_core.o)
                0x0000000008001520                USBD_SetClassConfig
 .text.USBD_ClrClassConfig
                0x000000000800153a       0x10 lib/libSENSIT_SDK_V2.0.0.a(usbd_core.o)
                0x000000000800153a                USBD_ClrClassConfig
 *fill*         0x000000000800154a        0x2 
 .text.USBD_LL_SetupStage
                0x000000000800154c       0x68 lib/libSENSIT_SDK_V2.0.0.a(usbd_core.o)
                0x000000000800154c                USBD_LL_SetupStage
 .text.USBD_LL_DataOutStage
                0x00000000080015b4       0x74 lib/libSENSIT_SDK_V2.0.0.a(usbd_core.o)
                0x00000000080015b4                USBD_LL_DataOutStage
 .text.USBD_LL_DataInStage
                0x0000000008001628       0xac lib/libSENSIT_SDK_V2.0.0.a(usbd_core.o)
                0x0000000008001628                USBD_LL_DataInStage
 .text.USBD_LL_Reset
                0x00000000080016d4       0x48 lib/libSENSIT_SDK_V2.0.0.a(usbd_core.o)
                0x00000000080016d4                USBD_LL_Reset
 .text.USBD_LL_SetSpeed
                0x000000000800171c        0x6 lib/libSENSIT_SDK_V2.0.0.a(usbd_core.o)
                0x000000000800171c                USBD_LL_SetSpeed
 .text.USBD_LL_Suspend
                0x0000000008001722       0x16 lib/libSENSIT_SDK_V2.0.0.a(usbd_core.o)
                0x0000000008001722                USBD_LL_Suspend
 .text.USBD_LL_Resume
                0x0000000008001738        0xe lib/libSENSIT_SDK_V2.0.0.a(usbd_core.o)
                0x0000000008001738                USBD_LL_Resume
 .text.USBD_LL_SOF
                0x0000000008001746       0x1e lib/libSENSIT_SDK_V2.0.0.a(usbd_core.o)
                0x0000000008001746                USBD_LL_SOF
 .text.USBD_CtlError.constprop.0
                0x0000000008001764       0x14 lib/libSENSIT_SDK_V2.0.0.a(usbd_ctlreq.o)
 .text.USBD_StdDevReq
                0x0000000008001778      0x224 lib/libSENSIT_SDK_V2.0.0.a(usbd_ctlreq.o)
                0x0000000008001778                USBD_StdDevReq
 .text.USBD_StdItfReq
                0x000000000800199c       0x38 lib/libSENSIT_SDK_V2.0.0.a(usbd_ctlreq.o)
                0x000000000800199c                USBD_StdItfReq
 .text.USBD_StdEPReq
                0x00000000080019d4       0xd4 lib/libSENSIT_SDK_V2.0.0.a(usbd_ctlreq.o)
                0x00000000080019d4                USBD_StdEPReq
 .text.USBD_ParseSetupRequest
                0x0000000008001aa8       0x28 lib/libSENSIT_SDK_V2.0.0.a(usbd_ctlreq.o)
                0x0000000008001aa8                USBD_ParseSetupRequest
 .text.USBD_CtlSendData
                0x0000000008001ad0       0x1c lib/libSENSIT_SDK_V2.0.0.a(usbd_ioreq.o)
                0x0000000008001ad0                USBD_CtlSendData
 .text.USBD_CtlContinueSendData
                0x0000000008001aec       0x10 lib/libSENSIT_SDK_V2.0.0.a(usbd_ioreq.o)
                0x0000000008001aec                USBD_CtlContinueSendData
 .text.USBD_CtlContinueRx
                0x0000000008001afc       0x10 lib/libSENSIT_SDK_V2.0.0.a(usbd_ioreq.o)
                0x0000000008001afc                USBD_CtlContinueRx
 .text.USBD_CtlSendStatus
                0x0000000008001b0c       0x18 lib/libSENSIT_SDK_V2.0.0.a(usbd_ioreq.o)
                0x0000000008001b0c                USBD_CtlSendStatus
 .text.USBD_CtlReceiveStatus
                0x0000000008001b24       0x18 lib/libSENSIT_SDK_V2.0.0.a(usbd_ioreq.o)
                0x0000000008001b24                USBD_CtlReceiveStatus
 .text.WATCHDOG_clear
                0x0000000008001b3c       0x10 lib/libSENSIT_SDK_V2.0.0.a(watchdog.o)
                0x0000000008001b3c                WATCHDOG_clear
 .text.ADC_init
                0x0000000008001b4c       0x88 lib/libSENSIT_SDK_V2.0.0.a(adc.o)
                0x0000000008001b4c                ADC_init
 .text.ADC_measure_battery
                0x0000000008001bd4       0x84 lib/libSENSIT_SDK_V2.0.0.a(adc.o)
                0x0000000008001bd4                ADC_measure_battery
 .text.ADC_get_battery_level
                0x0000000008001c58       0x10 lib/libSENSIT_SDK_V2.0.0.a(adc.o)
                0x0000000008001c58                ADC_get_battery_level
 .text.calibRTCclkIsCalibrated
                0x0000000008001c68      0x1a0 lib/libSENSIT_SDK_V2.0.0.a(calib.o)
                0x0000000008001c68                calibRTCclkIsCalibrated
 .text.CC1125_write_reg
                0x0000000008001e08       0x54 lib/libSENSIT_SDK_V2.0.0.a(cc1125.o)
                0x0000000008001e08                CC1125_write_reg
 .text.CC1125_output_clock
                0x0000000008001e5c       0x18 lib/libSENSIT_SDK_V2.0.0.a(cc1125.o)
                0x0000000008001e5c                CC1125_output_clock
 .text.CRC_compute
                0x0000000008001e74       0x4c lib/libSENSIT_SDK_V2.0.0.a(crc.o)
                0x0000000008001e74                CRC_compute
 .text.FLASH_unlock
                0x0000000008001ec0       0x3c lib/libSENSIT_SDK_V2.0.0.a(flash.o)
                0x0000000008001ec0                FLASH_unlock
 .text.FLASH_lock
                0x0000000008001efc       0x14 lib/libSENSIT_SDK_V2.0.0.a(flash.o)
                0x0000000008001efc                FLASH_lock
 .text.FLASH_write
                0x0000000008001f10       0x40 lib/libSENSIT_SDK_V2.0.0.a(flash.o)
                0x0000000008001f10                FLASH_write
 .text.FLASH_erase_page
                0x0000000008001f50       0x90 lib/libSENSIT_SDK_V2.0.0.a(flash.o)
                0x0000000008001f50                FLASH_erase_page
 .text._handler
                0x0000000008001fe0       0x44 lib/libSENSIT_SDK_V2.0.0.a(gpio.o)
 .text.GPIO_init
                0x0000000008002024       0xcc lib/libSENSIT_SDK_V2.0.0.a(gpio.o)
                0x0000000008002024                GPIO_init
 .text.EXTI4_15_IRQHandler
                0x00000000080020f0       0x88 lib/libSENSIT_SDK_V2.0.0.a(gpio.o)
                0x00000000080020f0                EXTI4_15_IRQHandler
 .text.HardFault_Handler
                0x0000000008002178        0x8 lib/libSENSIT_SDK_V2.0.0.a(gpio.o)
                0x0000000008002178                HardFault_Handler
 .text.NMI_Handler
                0x0000000008002180        0x8 lib/libSENSIT_SDK_V2.0.0.a(gpio.o)
                0x0000000008002180                NMI_Handler
 .text.WWDG_IRQHandler
                0x0000000008002188        0x8 lib/libSENSIT_SDK_V2.0.0.a(gpio.o)
                0x0000000008002188                WWDG_IRQHandler
 .text.I2C_init
                0x0000000008002190       0x30 lib/libSENSIT_SDK_V2.0.0.a(i2c.o)
                0x0000000008002190                I2C_init
 .text.I2C_write_read
                0x00000000080021c0      0x160 lib/libSENSIT_SDK_V2.0.0.a(i2c.o)
                0x00000000080021c0                I2C_write_read
 .text.LED_toggle
                0x0000000008002320       0x5c lib/libSENSIT_SDK_V2.0.0.a(led.o)
                0x0000000008002320                LED_toggle
 .text.my_memcpy
                0x000000000800237c       0x1c lib/libSENSIT_SDK_V2.0.0.a(my_string.o)
                0x000000000800237c                my_memcpy
 .text.my_memcmp
                0x0000000008002398       0x1c lib/libSENSIT_SDK_V2.0.0.a(my_string.o)
                0x0000000008002398                my_memcmp
 .text.PCD_WritePMA
                0x00000000080023b4       0x28 lib/libSENSIT_SDK_V2.0.0.a(stm32f0xx_hal_pcd.o)
 .text.PCD_ReadPMA
                0x00000000080023dc       0x20 lib/libSENSIT_SDK_V2.0.0.a(stm32f0xx_hal_pcd.o)
 .text.HAL_PCD_SetAddress
                0x00000000080023fc       0x2c lib/libSENSIT_SDK_V2.0.0.a(stm32f0xx_hal_pcd.o)
                0x00000000080023fc                HAL_PCD_SetAddress
 .text.HAL_PCD_EP_Open
                0x0000000008002428      0x2b0 lib/libSENSIT_SDK_V2.0.0.a(stm32f0xx_hal_pcd.o)
                0x0000000008002428                HAL_PCD_EP_Open
 .text.HAL_PCD_EP_Receive
                0x00000000080026d8       0xe8 lib/libSENSIT_SDK_V2.0.0.a(stm32f0xx_hal_pcd.o)
                0x00000000080026d8                HAL_PCD_EP_Receive
 .text.HAL_PCD_EP_Transmit
                0x00000000080027c0      0x1e4 lib/libSENSIT_SDK_V2.0.0.a(stm32f0xx_hal_pcd.o)
                0x00000000080027c0                HAL_PCD_EP_Transmit
 .text.HAL_PCD_IRQHandler
                0x00000000080029a4      0x464 lib/libSENSIT_SDK_V2.0.0.a(stm32f0xx_hal_pcd.o)
                0x00000000080029a4                HAL_PCD_IRQHandler
 .text.HAL_PCD_EP_SetStall
                0x0000000008002e08       0x90 lib/libSENSIT_SDK_V2.0.0.a(stm32f0xx_hal_pcd.o)
                0x0000000008002e08                HAL_PCD_EP_SetStall
 .text.HAL_PCD_EP_ClrStall
                0x0000000008002e98       0xbc lib/libSENSIT_SDK_V2.0.0.a(stm32f0xx_hal_pcd.o)
                0x0000000008002e98                HAL_PCD_EP_ClrStall
 .text.MODULATION_ramp_up
                0x0000000008002f54       0x28 lib/libSENSIT_SDK_V2.0.0.a(modulation.o)
 .text.MODULATION_ramp_down
                0x0000000008002f7c       0x2c lib/libSENSIT_SDK_V2.0.0.a(modulation.o)
 .text.MODULATION_process
                0x0000000008002fa8       0xa4 lib/libSENSIT_SDK_V2.0.0.a(modulation.o)
                0x0000000008002fa8                MODULATION_process
 .text.TIM2_IRQHandler
                0x000000000800304c       0x2c lib/libSENSIT_SDK_V2.0.0.a(modulation.o)
                0x000000000800304c                TIM2_IRQHandler
 .text.__libc_init_array
                0x0000000008003078       0x44 /Users/lubrun/sigfox/gcc-arm-none-eabi-8-2018-q4-major/bin/../lib/gcc/arm-none-eabi/8.2.1/../../../../arm-none-eabi/lib/thumb/v6-m/nofp/libc.a(lib_a-init.o)
                0x0000000008003078                __libc_init_array
 .text.memset   0x00000000080030bc       0xa8 /Users/lubrun/sigfox/gcc-arm-none-eabi-8-2018-q4-major/bin/../lib/gcc/arm-none-eabi/8.2.1/../../../../arm-none-eabi/lib/thumb/v6-m/nofp/libc.a(lib_a-memset.o)
                0x00000000080030bc                memset
 *(.glue_7)
 .glue_7        0x0000000008003164        0x0 linker stubs
 *(.glue_7t)
 .glue_7t       0x0000000008003164        0x0 linker stubs
 *(.eh_frame)
 *(.init)
 *(.fini)
                0x0000000008003164                . = ALIGN (0x4)
                0x0000000008003164                _etext = .

.vfp11_veneer   0x0000000008003164        0x0
 .vfp11_veneer  0x0000000008003164        0x0 linker stubs

.v4_bx          0x0000000008003164        0x0
 .v4_bx         0x0000000008003164        0x0 linker stubs

.iplt           0x0000000008003164        0x0
 .iplt          0x0000000008003164        0x0 obj/error.o

.rodata         0x0000000008003164       0x10
                0x0000000008003164                . = ALIGN (0x4)
 *(.rodata)
 .rodata        0x0000000008003164       0x10 lib/libSENSIT_SDK_V2.0.0.a(nvmem_api.o)
 *(.rodata*)
                0x0000000008003174                . = ALIGN (0x4)

.rel.dyn        0x0000000008003174        0x0
 .rel.iplt      0x0000000008003174        0x0 obj/error.o

.ARM.extab      0x0000000008003174        0x0
                0x0000000008003174                . = ALIGN (0x4)
 *(.ARM.extab* .gnu.linkonce.armextab.*)
                0x0000000008003174                . = ALIGN (0x4)

.ARM            0x0000000008003174        0x0
                0x0000000008003174                . = ALIGN (0x4)
                0x0000000008003174                __exidx_start = .
 *(.ARM.exidx*)
                0x0000000008003174                __exidx_end = .
                0x0000000008003174                . = ALIGN (0x4)

.preinit_array  0x0000000008003174        0x0
                0x0000000008003174                . = ALIGN (0x4)
                0x0000000008003174                PROVIDE (__preinit_array_start = .)
 *(.preinit_array*)
                0x0000000008003174                PROVIDE (__preinit_array_end = .)
                0x0000000008003174                . = ALIGN (0x4)

.init_array     0x0000000008003174        0x0
                0x0000000008003174                . = ALIGN (0x4)
                0x0000000008003174                PROVIDE (__init_array_start = .)
 *(SORT_BY_NAME(.init_array.*))
 *(.init_array*)
                0x0000000008003174                PROVIDE (__init_array_end = .)
                0x0000000008003174                . = ALIGN (0x4)

.fini_array     0x0000000008003174        0x0
                0x0000000008003174                . = ALIGN (0x4)
                [!provide]                        PROVIDE (__fini_array_start = .)
 *(SORT_BY_NAME(.fini_array.*))
 *(.fini_array*)
                [!provide]                        PROVIDE (__fini_array_end = .)
                0x0000000008003174                . = ALIGN (0x4)
                0x0000000008003174                _sidata = LOADADDR (.data)

.data           0x0000000020000000       0xcc load address 0x0000000008003174
                0x0000000020000000                . = ALIGN (0x4)
                0x0000000020000000                _sdata = .
 *(.data)
 .data          0x0000000020000000        0x2 obj/battery.o
 *fill*         0x0000000020000002        0x2 
 .data          0x0000000020000004       0xa0 obj/radio_api.o
 .data          0x00000000200000a4       0x10 obj/main.o
                0x00000000200000a4                firmware_version
 .data          0x00000000200000b4       0x15 lib/libSENSIT_SDK_V2.0.0.a(nvmem_api.o)
 .data          0x00000000200000c9        0x1 lib/libSENSIT_SDK_V2.0.0.a(radio.o)
 *(.data*)
                0x00000000200000cc                . = ALIGN (0x4)
 *fill*         0x00000000200000ca        0x2 
                0x00000000200000cc                _edata = .

.igot.plt       0x00000000200000cc        0x0 load address 0x0000000008003240
 .igot.plt      0x00000000200000cc        0x0 obj/error.o
                0x00000000200000cc                . = ALIGN (0x4)

.bss            0x00000000200000cc      0x550 load address 0x0000000008003240
                0x00000000200000cc                _sbss = .
                0x00000000200000cc                __bss_start__ = _sbss
 *(.bss)
 .bss           0x00000000200000cc        0x1 obj/radio_api.o
 *fill*         0x00000000200000cd        0x1 
 .bss           0x00000000200000ce       0x10 obj/hts221.o
 *fill*         0x00000000200000de        0x2 
 .bss           0x00000000200000e0       0xa8 lib/libSENSIT_SDK_V2.0.0.a(mcu_api.o)
 .bss           0x0000000020000188       0x14 lib/libSENSIT_SDK_V2.0.0.a(nvmem_api.o)
 .bss           0x000000002000019c        0x1 lib/libSENSIT_SDK_V2.0.0.a(radio.o)
 *fill*         0x000000002000019d        0x3 
 .bss           0x00000000200001a0        0xc lib/libSENSIT_SDK_V2.0.0.a(rtc.o)
                0x00000000200001a0                rtc_current_time
                0x00000000200001a4                rtc_alarm_timer
                0x00000000200001a8                rx_timer
 .bss           0x00000000200001ac        0x1 lib/libSENSIT_SDK_V2.0.0.a(sigfox_api.o)
                0x00000000200001ac                g_state
 .bss           0x00000000200001ad        0x1 lib/libSENSIT_SDK_V2.0.0.a(sleep.o)
 .bss           0x00000000200001ae      0x204 lib/libSENSIT_SDK_V2.0.0.a(uart.o)
 .bss           0x00000000200003b2        0x1 lib/libSENSIT_SDK_V2.0.0.a(usbd_ctlreq.o)
 *fill*         0x00000000200003b3        0x1 
 .bss           0x00000000200003b4        0x4 lib/libSENSIT_SDK_V2.0.0.a(adc.o)
 .bss           0x00000000200003b8        0xc lib/libSENSIT_SDK_V2.0.0.a(calib.o)
 .bss           0x00000000200003c4        0x1 lib/libSENSIT_SDK_V2.0.0.a(led.o)
 *fill*         0x00000000200003c5        0x3 
 .bss           0x00000000200003c8       0x1d lib/libSENSIT_SDK_V2.0.0.a(modulation.o)
 *(.bss*)
 *(COMMON)
 COMMON         0x00000000200003e5        0x1 obj/error.o
                0x00000000200003e5                pending_interrupt
 *fill*         0x00000000200003e6        0x2 
 COMMON         0x00000000200003e8        0x9 lib/libSENSIT_SDK_V2.0.0.a(mcu_api.o)
                0x00000000200003e8                sleep_end
                0x00000000200003ec                cs_timer
                0x00000000200003f0                tx_end
 *fill*         0x00000000200003f1        0x3 
 COMMON         0x00000000200003f4        0x4 lib/libSENSIT_SDK_V2.0.0.a(rtc.o)
                0x00000000200003f4                rtc_alarm_reload
 COMMON         0x00000000200003f8        0x4 lib/libSENSIT_SDK_V2.0.0.a(sigfox_api.o)
                0x00000000200003f8                rs
 COMMON         0x00000000200003fc      0x220 lib/libSENSIT_SDK_V2.0.0.a(usbd_conf.o)
                0x00000000200003fc                hpcd_USB_FS
                0x000000002000061c                . = ALIGN (0x4)
                0x000000002000061c                _ebss = .
                0x000000002000061c                __bss_end__ = _ebss

._user_heap_stack
                0x000000002000061c      0x404 load address 0x0000000008003240
                0x0000000020000620                . = ALIGN (0x8)
 *fill*         0x000000002000061c        0x4 
                [!provide]                        PROVIDE (end = .)
                [!provide]                        PROVIDE (_end = .)
                0x0000000020000620                . = (. + _Min_Heap_Size)
                0x0000000020000a20                . = (. + _Min_Stack_Size)
 *fill*         0x0000000020000620      0x400 
                0x0000000020000a20                . = ALIGN (0x8)

/DISCARD/
 libc.a(*)
 libm.a(*)
 libgcc.a(*)

.ARM.attributes
                0x0000000000000000       0x2a
 *(.ARM.attributes)
 .ARM.attributes
                0x0000000000000000       0x2c obj/error.o
 .ARM.attributes
                0x000000000000002c       0x2c obj/button.o
 .ARM.attributes
                0x0000000000000058       0x2c obj/battery.o
 .ARM.attributes
                0x0000000000000084       0x2c obj/radio_api.o
 .ARM.attributes
                0x00000000000000b0       0x2c obj/hts221.o
 .ARM.attributes
                0x00000000000000dc       0x2c obj/ltr329.o
 .ARM.attributes
                0x0000000000000108       0x2c obj/fxos8700.o
 .ARM.attributes
                0x0000000000000134       0x2c obj/main.o
 .ARM.attributes
                0x0000000000000160       0x31 lib/libSENSIT_SDK_V2.0.0.a(mcu_api.o)
 .ARM.attributes
                0x0000000000000191       0x31 lib/libSENSIT_SDK_V2.0.0.a(nvmem_api.o)
 .ARM.attributes
                0x00000000000001c2       0x31 lib/libSENSIT_SDK_V2.0.0.a(radio.o)
 .ARM.attributes
                0x00000000000001f3       0x31 lib/libSENSIT_SDK_V2.0.0.a(rtc.o)
 .ARM.attributes
                0x0000000000000224       0x31 lib/libSENSIT_SDK_V2.0.0.a(sensit_api.o)
 .ARM.attributes
                0x0000000000000255       0x31 lib/libSENSIT_SDK_V2.0.0.a(sigfox_api.o)
 .ARM.attributes
                0x0000000000000286       0x31 lib/libSENSIT_SDK_V2.0.0.a(sigfox_internal.o)
 .ARM.attributes
                0x00000000000002b7       0x31 lib/libSENSIT_SDK_V2.0.0.a(sleep.o)
 .ARM.attributes
                0x00000000000002e8       0x31 lib/libSENSIT_SDK_V2.0.0.a(spi.o)
 .ARM.attributes
                0x0000000000000319       0x21 lib/libSENSIT_SDK_V2.0.0.a(startup_stm32f042x6.o)
 .ARM.attributes
                0x000000000000033a       0x31 lib/libSENSIT_SDK_V2.0.0.a(system_stm32f0xx.o)
 .ARM.attributes
                0x000000000000036b       0x31 lib/libSENSIT_SDK_V2.0.0.a(systick.o)
 .ARM.attributes
                0x000000000000039c       0x31 lib/libSENSIT_SDK_V2.0.0.a(uart.o)
 .ARM.attributes
                0x00000000000003cd       0x31 lib/libSENSIT_SDK_V2.0.0.a(usbd_conf.o)
 .ARM.attributes
                0x00000000000003fe       0x31 lib/libSENSIT_SDK_V2.0.0.a(usbd_core.o)
 .ARM.attributes
                0x000000000000042f       0x31 lib/libSENSIT_SDK_V2.0.0.a(usbd_ctlreq.o)
 .ARM.attributes
                0x0000000000000460       0x31 lib/libSENSIT_SDK_V2.0.0.a(usbd_ioreq.o)
 .ARM.attributes
                0x0000000000000491       0x31 lib/libSENSIT_SDK_V2.0.0.a(watchdog.o)
 .ARM.attributes
                0x00000000000004c2       0x31 lib/libSENSIT_SDK_V2.0.0.a(adc.o)
 .ARM.attributes
                0x00000000000004f3       0x31 lib/libSENSIT_SDK_V2.0.0.a(calib.o)
 .ARM.attributes
                0x0000000000000524       0x31 lib/libSENSIT_SDK_V2.0.0.a(cc1125.o)
 .ARM.attributes
                0x0000000000000555       0x31 lib/libSENSIT_SDK_V2.0.0.a(crc.o)
 .ARM.attributes
                0x0000000000000586       0x31 lib/libSENSIT_SDK_V2.0.0.a(flash.o)
 .ARM.attributes
                0x00000000000005b7       0x31 lib/libSENSIT_SDK_V2.0.0.a(gpio.o)
 .ARM.attributes
                0x00000000000005e8       0x31 lib/libSENSIT_SDK_V2.0.0.a(i2c.o)
 .ARM.attributes
                0x0000000000000619       0x31 lib/libSENSIT_SDK_V2.0.0.a(led.o)
 .ARM.attributes
                0x000000000000064a       0x31 lib/libSENSIT_SDK_V2.0.0.a(my_string.o)
 .ARM.attributes
                0x000000000000067b       0x31 lib/libSENSIT_SDK_V2.0.0.a(stm32f0xx_hal_pcd.o)
 .ARM.attributes
                0x00000000000006ac       0x31 lib/libSENSIT_SDK_V2.0.0.a(modulation.o)
OUTPUT(bin/sensit.elf elf32-littlearm)

.debug_info     0x0000000000000000     0x1d84
 .debug_info    0x0000000000000000      0x3f1 obj/error.o
 .debug_info    0x00000000000003f1      0x206 obj/button.o
 .debug_info    0x00000000000005f7      0x323 obj/battery.o
 .debug_info    0x000000000000091a      0x4f5 obj/radio_api.o
 .debug_info    0x0000000000000e0f      0x38f obj/hts221.o
 .debug_info    0x000000000000119e      0x399 obj/ltr329.o
 .debug_info    0x0000000000001537      0x553 obj/fxos8700.o
 .debug_info    0x0000000000001a8a      0x2fa obj/main.o

.debug_abbrev   0x0000000000000000      0xb37
 .debug_abbrev  0x0000000000000000      0x154 obj/error.o
 .debug_abbrev  0x0000000000000154      0x125 obj/button.o
 .debug_abbrev  0x0000000000000279      0x19e obj/battery.o
 .debug_abbrev  0x0000000000000417      0x1b3 obj/radio_api.o
 .debug_abbrev  0x00000000000005ca      0x158 obj/hts221.o
 .debug_abbrev  0x0000000000000722      0x156 obj/ltr329.o
 .debug_abbrev  0x0000000000000878      0x182 obj/fxos8700.o
 .debug_abbrev  0x00000000000009fa      0x13d obj/main.o

.debug_loc      0x0000000000000000      0xae8
 .debug_loc     0x0000000000000000      0x112 obj/error.o
 .debug_loc     0x0000000000000112       0xb8 obj/button.o
 .debug_loc     0x00000000000001ca       0x8a obj/battery.o
 .debug_loc     0x0000000000000254      0x191 obj/radio_api.o
 .debug_loc     0x00000000000003e5      0x28c obj/hts221.o
 .debug_loc     0x0000000000000671      0x19d obj/ltr329.o
 .debug_loc     0x000000000000080e      0x289 obj/fxos8700.o
 .debug_loc     0x0000000000000a97       0x51 obj/main.o

.debug_aranges  0x0000000000000000      0x158
 .debug_aranges
                0x0000000000000000       0x28 obj/error.o
 .debug_aranges
                0x0000000000000028       0x20 obj/button.o
 .debug_aranges
                0x0000000000000048       0x20 obj/battery.o
 .debug_aranges
                0x0000000000000068       0x28 obj/radio_api.o
 .debug_aranges
                0x0000000000000090       0x28 obj/hts221.o
 .debug_aranges
                0x00000000000000b8       0x38 obj/ltr329.o
 .debug_aranges
                0x00000000000000f0       0x48 obj/fxos8700.o
 .debug_aranges
                0x0000000000000138       0x20 obj/main.o

.debug_ranges   0x0000000000000000       0xd8
 .debug_ranges  0x0000000000000000       0x18 obj/error.o
 .debug_ranges  0x0000000000000018       0x10 obj/button.o
 .debug_ranges  0x0000000000000028       0x10 obj/battery.o
 .debug_ranges  0x0000000000000038       0x18 obj/radio_api.o
 .debug_ranges  0x0000000000000050       0x18 obj/hts221.o
 .debug_ranges  0x0000000000000068       0x28 obj/ltr329.o
 .debug_ranges  0x0000000000000090       0x38 obj/fxos8700.o
 .debug_ranges  0x00000000000000c8       0x10 obj/main.o

.debug_line     0x0000000000000000     0x1007
 .debug_line    0x0000000000000000      0x1c4 obj/error.o
 .debug_line    0x00000000000001c4      0x107 obj/button.o
 .debug_line    0x00000000000002cb      0x10e obj/battery.o
 .debug_line    0x00000000000003d9      0x1be obj/radio_api.o
 .debug_line    0x0000000000000597      0x2c9 obj/hts221.o
 .debug_line    0x0000000000000860      0x25e obj/ltr329.o
 .debug_line    0x0000000000000abe      0x3a9 obj/fxos8700.o
 .debug_line    0x0000000000000e67      0x1a0 obj/main.o

.debug_str      0x0000000000000000      0xa1b
 .debug_str     0x0000000000000000      0x2c9 obj/error.o
                                        0x2ea (size before relaxing)
 .debug_str     0x00000000000002c9       0x6e obj/button.o
                                        0x278 (size before relaxing)
 .debug_str     0x0000000000000337       0x93 obj/battery.o
                                        0x313 (size before relaxing)
 .debug_str     0x00000000000003ca      0x2d6 obj/radio_api.o
                                        0x489 (size before relaxing)
 .debug_str     0x00000000000006a0       0xa8 obj/hts221.o
                                        0x226 (size before relaxing)
 .debug_str     0x0000000000000748      0x111 obj/ltr329.o
                                        0x2be (size before relaxing)
 .debug_str     0x0000000000000859      0x146 obj/fxos8700.o
                                        0x2f6 (size before relaxing)
 .debug_str     0x000000000000099f       0x7c obj/main.o
                                        0x346 (size before relaxing)

.comment        0x0000000000000000      0x163
 .comment       0x0000000000000000       0x75 obj/error.o
                                         0x76 (size before relaxing)
 .comment       0x0000000000000075       0x76 obj/button.o
 .comment       0x0000000000000075       0x76 obj/battery.o
 .comment       0x0000000000000075       0x76 obj/radio_api.o
 .comment       0x0000000000000075       0x76 obj/hts221.o
 .comment       0x0000000000000075       0x76 obj/ltr329.o
 .comment       0x0000000000000075       0x76 obj/fxos8700.o
 .comment       0x0000000000000075       0x76 obj/main.o
 .comment       0x0000000000000075       0x7e lib/libSENSIT_SDK_V2.0.0.a(mcu_api.o)
                                         0x7f (size before relaxing)
 .comment       0x00000000000000f3       0x7f lib/libSENSIT_SDK_V2.0.0.a(nvmem_api.o)
 .comment       0x00000000000000f3       0x7f lib/libSENSIT_SDK_V2.0.0.a(radio.o)
 .comment       0x00000000000000f3       0x7f lib/libSENSIT_SDK_V2.0.0.a(rtc.o)
 .comment       0x00000000000000f3       0x7f lib/libSENSIT_SDK_V2.0.0.a(sensit_api.o)
 .comment       0x00000000000000f3       0x70 lib/libSENSIT_SDK_V2.0.0.a(sigfox_api.o)
                                         0x71 (size before relaxing)
 .comment       0x0000000000000163       0x71 lib/libSENSIT_SDK_V2.0.0.a(sigfox_internal.o)
 .comment       0x0000000000000163       0x7f lib/libSENSIT_SDK_V2.0.0.a(sleep.o)
 .comment       0x0000000000000163       0x7f lib/libSENSIT_SDK_V2.0.0.a(spi.o)
 .comment       0x0000000000000163       0x7f lib/libSENSIT_SDK_V2.0.0.a(system_stm32f0xx.o)
 .comment       0x0000000000000163       0x7f lib/libSENSIT_SDK_V2.0.0.a(systick.o)
 .comment       0x0000000000000163       0x7f lib/libSENSIT_SDK_V2.0.0.a(uart.o)
 .comment       0x0000000000000163       0x7f lib/libSENSIT_SDK_V2.0.0.a(usbd_conf.o)
 .comment       0x0000000000000163       0x7f lib/libSENSIT_SDK_V2.0.0.a(usbd_core.o)
 .comment       0x0000000000000163       0x7f lib/libSENSIT_SDK_V2.0.0.a(usbd_ctlreq.o)
 .comment       0x0000000000000163       0x7f lib/libSENSIT_SDK_V2.0.0.a(usbd_ioreq.o)
 .comment       0x0000000000000163       0x7f lib/libSENSIT_SDK_V2.0.0.a(watchdog.o)
 .comment       0x0000000000000163       0x7f lib/libSENSIT_SDK_V2.0.0.a(adc.o)
 .comment       0x0000000000000163       0x7f lib/libSENSIT_SDK_V2.0.0.a(calib.o)
 .comment       0x0000000000000163       0x7f lib/libSENSIT_SDK_V2.0.0.a(cc1125.o)
 .comment       0x0000000000000163       0x7f lib/libSENSIT_SDK_V2.0.0.a(crc.o)
 .comment       0x0000000000000163       0x7f lib/libSENSIT_SDK_V2.0.0.a(flash.o)
 .comment       0x0000000000000163       0x7f lib/libSENSIT_SDK_V2.0.0.a(gpio.o)
 .comment       0x0000000000000163       0x7f lib/libSENSIT_SDK_V2.0.0.a(i2c.o)
 .comment       0x0000000000000163       0x7f lib/libSENSIT_SDK_V2.0.0.a(led.o)
 .comment       0x0000000000000163       0x7f lib/libSENSIT_SDK_V2.0.0.a(my_string.o)
 .comment       0x0000000000000163       0x7f lib/libSENSIT_SDK_V2.0.0.a(stm32f0xx_hal_pcd.o)
 .comment       0x0000000000000163       0x7f lib/libSENSIT_SDK_V2.0.0.a(modulation.o)

.debug_frame    0x0000000000000000      0x2bc
 .debug_frame   0x0000000000000000       0x44 obj/error.o
 .debug_frame   0x0000000000000044       0x30 obj/button.o
 .debug_frame   0x0000000000000074       0x30 obj/battery.o
 .debug_frame   0x00000000000000a4       0x4c obj/radio_api.o
 .debug_frame   0x00000000000000f0       0x4c obj/hts221.o
 .debug_frame   0x000000000000013c       0x88 obj/ltr329.o
 .debug_frame   0x00000000000001c4       0xc4 obj/fxos8700.o
 .debug_frame   0x0000000000000288       0x34 obj/main.o
